14:38:33 INFO  : Launching XSCT server: xsct.bat -n  -interactive C:\Users\kumar\axi_adc_intr\workplace\temp_xsdb_launch_script.tcl
14:38:34 INFO  : XSCT server has started successfully.
14:38:34 INFO  : Successfully done setting XSCT server connection channel  
14:38:34 INFO  : plnx-install-location is set to ''
14:38:34 INFO  : Successfully done setting workspace for the tool. 
14:38:34 INFO  : Successfully done query RDI_DATADIR 
14:38:34 INFO  : Registering command handlers for Vitis TCF services
14:39:24 INFO  : Successfully done sdx_reload_mss "C:/Users/kumar/axi_adc_intr/workplace/intr_adc/zynq_fsbl/zynq_fsbl_bsp/system.mss"
14:39:25 INFO  : Successfully done sdx_reload_mss "C:/Users/kumar/axi_adc_intr/workplace/intr_adc/ps7_cortexa9_0/standalone_domain/bsp/system.mss"
14:41:31 INFO  : Checking for BSP changes to sync application flags for project 'intr_adc_app'...
14:43:55 INFO  : Checking for BSP changes to sync application flags for project 'intr_adc_app'...
14:44:13 INFO  : Connected to target on host '127.0.0.1' and port '3121'.
14:44:13 INFO  : Jtag cable 'Digilent Zybo Z7 210351B0FC6AA' is selected.
14:44:13 INFO  : 'jtag frequency' command is executed.
14:44:13 INFO  : Context for 'APU' is selected.
14:44:13 INFO  : System reset is completed.
14:44:16 INFO  : 'after 3000' command is executed.
14:44:16 INFO  : 'targets -set -filter {jtag_cable_name =~ "Digilent Zybo Z7 210351B0FC6AA" && level==0} -index 1' command is executed.
14:44:18 INFO  : FPGA configured successfully with bitstream "C:/Users/kumar/axi_adc_intr/workplace/intr_adc_app/_ide/bitstream/design_1_wrapper.bit"
14:44:18 INFO  : Context for 'APU' is selected.
14:44:18 INFO  : Hardware design information is loaded from 'C:/Users/kumar/axi_adc_intr/workplace/intr_adc/export/intr_adc/hw/design_1_wrapper.xsa'.
14:44:18 INFO  : 'configparams force-mem-access 1' command is executed.
14:44:18 INFO  : Context for 'APU' is selected.
14:44:18 INFO  : Sourcing of 'C:/Users/kumar/axi_adc_intr/workplace/intr_adc_app/_ide/psinit/ps7_init.tcl' is done.
14:44:18 INFO  : 'ps7_init' command is executed.
14:44:18 INFO  : 'ps7_post_config' command is executed.
14:44:18 INFO  : Context for processor 'ps7_cortexa9_0' is selected.
14:44:18 INFO  : The application 'C:/Users/kumar/axi_adc_intr/workplace/intr_adc_app/Debug/intr_adc_app.elf' is downloaded to processor 'ps7_cortexa9_0'.
14:44:18 INFO  : 'configparams force-mem-access 0' command is executed.
14:44:18 INFO  : ----------------XSDB Script----------------
connect -url tcp:127.0.0.1:3121
targets -set -nocase -filter {name =~"APU*"}
rst -system
after 3000
targets -set -filter {jtag_cable_name =~ "Digilent Zybo Z7 210351B0FC6AA" && level==0} -index 1
fpga -file C:/Users/kumar/axi_adc_intr/workplace/intr_adc_app/_ide/bitstream/design_1_wrapper.bit
targets -set -nocase -filter {name =~"APU*"}
loadhw -hw C:/Users/kumar/axi_adc_intr/workplace/intr_adc/export/intr_adc/hw/design_1_wrapper.xsa -mem-ranges [list {0x40000000 0xbfffffff}]
configparams force-mem-access 1
targets -set -nocase -filter {name =~"APU*"}
source C:/Users/kumar/axi_adc_intr/workplace/intr_adc_app/_ide/psinit/ps7_init.tcl
ps7_init
ps7_post_config
targets -set -nocase -filter {name =~ "*A9*#0"}
dow C:/Users/kumar/axi_adc_intr/workplace/intr_adc_app/Debug/intr_adc_app.elf
configparams force-mem-access 0
----------------End of Script----------------

14:44:18 INFO  : Memory regions updated for context APU
14:44:18 INFO  : Context for processor 'ps7_cortexa9_0' is selected.
14:44:18 INFO  : 'con' command is executed.
14:44:18 INFO  : ----------------XSDB Script (After Launch)----------------
targets -set -nocase -filter {name =~ "*A9*#0"}
con
----------------End of Script----------------

14:44:18 INFO  : Launch script is exported to file 'C:\Users\kumar\axi_adc_intr\workplace\.sdk\launch_scripts\single_application_debug\systemdebugger_intr_adc_app_system_standalone.tcl'
14:46:41 INFO  : Checking for BSP changes to sync application flags for project 'intr_adc_app'...
14:46:57 INFO  : Disconnected from the channel tcfchan#4.
14:46:58 INFO  : Connected to target on host '127.0.0.1' and port '3121'.
14:46:58 INFO  : Jtag cable 'Digilent Zybo Z7 210351B0FC6AA' is selected.
14:46:58 INFO  : 'jtag frequency' command is executed.
14:46:58 INFO  : Context for 'APU' is selected.
14:46:59 INFO  : System reset is completed.
14:47:02 INFO  : 'after 3000' command is executed.
14:47:02 INFO  : 'targets -set -filter {jtag_cable_name =~ "Digilent Zybo Z7 210351B0FC6AA" && level==0} -index 1' command is executed.
14:47:03 INFO  : FPGA configured successfully with bitstream "C:/Users/kumar/axi_adc_intr/workplace/intr_adc_app/_ide/bitstream/design_1_wrapper.bit"
14:47:03 INFO  : Context for 'APU' is selected.
14:47:03 INFO  : Hardware design information is loaded from 'C:/Users/kumar/axi_adc_intr/workplace/intr_adc/export/intr_adc/hw/design_1_wrapper.xsa'.
14:47:03 INFO  : 'configparams force-mem-access 1' command is executed.
14:47:03 INFO  : Context for 'APU' is selected.
14:47:03 INFO  : Sourcing of 'C:/Users/kumar/axi_adc_intr/workplace/intr_adc_app/_ide/psinit/ps7_init.tcl' is done.
14:47:03 INFO  : 'ps7_init' command is executed.
14:47:03 INFO  : 'ps7_post_config' command is executed.
14:47:03 INFO  : Context for processor 'ps7_cortexa9_0' is selected.
14:47:03 INFO  : The application 'C:/Users/kumar/axi_adc_intr/workplace/intr_adc_app/Debug/intr_adc_app.elf' is downloaded to processor 'ps7_cortexa9_0'.
14:47:03 INFO  : 'configparams force-mem-access 0' command is executed.
14:47:03 INFO  : ----------------XSDB Script----------------
connect -url tcp:127.0.0.1:3121
targets -set -nocase -filter {name =~"APU*"}
rst -system
after 3000
targets -set -filter {jtag_cable_name =~ "Digilent Zybo Z7 210351B0FC6AA" && level==0} -index 1
fpga -file C:/Users/kumar/axi_adc_intr/workplace/intr_adc_app/_ide/bitstream/design_1_wrapper.bit
targets -set -nocase -filter {name =~"APU*"}
loadhw -hw C:/Users/kumar/axi_adc_intr/workplace/intr_adc/export/intr_adc/hw/design_1_wrapper.xsa -mem-ranges [list {0x40000000 0xbfffffff}]
configparams force-mem-access 1
targets -set -nocase -filter {name =~"APU*"}
source C:/Users/kumar/axi_adc_intr/workplace/intr_adc_app/_ide/psinit/ps7_init.tcl
ps7_init
ps7_post_config
targets -set -nocase -filter {name =~ "*A9*#0"}
dow C:/Users/kumar/axi_adc_intr/workplace/intr_adc_app/Debug/intr_adc_app.elf
configparams force-mem-access 0
----------------End of Script----------------

14:47:03 INFO  : Memory regions updated for context APU
14:47:03 INFO  : Context for processor 'ps7_cortexa9_0' is selected.
14:47:03 INFO  : 'con' command is executed.
14:47:03 INFO  : ----------------XSDB Script (After Launch)----------------
targets -set -nocase -filter {name =~ "*A9*#0"}
con
----------------End of Script----------------

14:47:03 INFO  : Launch script is exported to file 'C:\Users\kumar\axi_adc_intr\workplace\.sdk\launch_scripts\single_application_debug\systemdebugger_intr_adc_app_system_standalone.tcl'
14:54:37 INFO  : Checking for BSP changes to sync application flags for project 'intr_adc_app'...
14:55:20 INFO  : Disconnected from the channel tcfchan#6.
14:55:21 INFO  : Connected to target on host '127.0.0.1' and port '3121'.
14:55:21 INFO  : Jtag cable 'Digilent Zybo Z7 210351B0FC6AA' is selected.
14:55:21 INFO  : 'jtag frequency' command is executed.
14:55:21 INFO  : Context for 'APU' is selected.
14:55:21 INFO  : System reset is completed.
14:55:24 INFO  : 'after 3000' command is executed.
14:55:24 INFO  : 'targets -set -filter {jtag_cable_name =~ "Digilent Zybo Z7 210351B0FC6AA" && level==0} -index 1' command is executed.
14:55:25 INFO  : FPGA configured successfully with bitstream "C:/Users/kumar/axi_adc_intr/workplace/intr_adc_app/_ide/bitstream/design_1_wrapper.bit"
14:55:25 INFO  : Context for 'APU' is selected.
14:55:25 INFO  : Hardware design information is loaded from 'C:/Users/kumar/axi_adc_intr/workplace/intr_adc/export/intr_adc/hw/design_1_wrapper.xsa'.
14:55:25 INFO  : 'configparams force-mem-access 1' command is executed.
14:55:25 INFO  : Context for 'APU' is selected.
14:55:25 INFO  : Sourcing of 'C:/Users/kumar/axi_adc_intr/workplace/intr_adc_app/_ide/psinit/ps7_init.tcl' is done.
14:55:25 INFO  : 'ps7_init' command is executed.
14:55:25 INFO  : 'ps7_post_config' command is executed.
14:55:25 INFO  : Context for processor 'ps7_cortexa9_0' is selected.
14:55:26 INFO  : The application 'C:/Users/kumar/axi_adc_intr/workplace/intr_adc_app/Debug/intr_adc_app.elf' is downloaded to processor 'ps7_cortexa9_0'.
14:55:26 INFO  : 'configparams force-mem-access 0' command is executed.
14:55:26 INFO  : ----------------XSDB Script----------------
connect -url tcp:127.0.0.1:3121
targets -set -nocase -filter {name =~"APU*"}
rst -system
after 3000
targets -set -filter {jtag_cable_name =~ "Digilent Zybo Z7 210351B0FC6AA" && level==0} -index 1
fpga -file C:/Users/kumar/axi_adc_intr/workplace/intr_adc_app/_ide/bitstream/design_1_wrapper.bit
targets -set -nocase -filter {name =~"APU*"}
loadhw -hw C:/Users/kumar/axi_adc_intr/workplace/intr_adc/export/intr_adc/hw/design_1_wrapper.xsa -mem-ranges [list {0x40000000 0xbfffffff}]
configparams force-mem-access 1
targets -set -nocase -filter {name =~"APU*"}
source C:/Users/kumar/axi_adc_intr/workplace/intr_adc_app/_ide/psinit/ps7_init.tcl
ps7_init
ps7_post_config
targets -set -nocase -filter {name =~ "*A9*#0"}
dow C:/Users/kumar/axi_adc_intr/workplace/intr_adc_app/Debug/intr_adc_app.elf
configparams force-mem-access 0
----------------End of Script----------------

14:55:26 INFO  : Memory regions updated for context APU
14:55:26 INFO  : Context for processor 'ps7_cortexa9_0' is selected.
14:55:26 INFO  : 'con' command is executed.
14:55:26 INFO  : ----------------XSDB Script (After Launch)----------------
targets -set -nocase -filter {name =~ "*A9*#0"}
con
----------------End of Script----------------

14:55:26 INFO  : Launch script is exported to file 'C:\Users\kumar\axi_adc_intr\workplace\.sdk\launch_scripts\single_application_debug\systemdebugger_intr_adc_app_system_standalone.tcl'
14:58:13 INFO  : Disconnected from the channel tcfchan#8.
14:58:28 INFO  : Connected to target on host '127.0.0.1' and port '3121'.
14:58:28 INFO  : Jtag cable 'Digilent Zybo Z7 210351B0FC6AA' is selected.
14:58:28 INFO  : 'jtag frequency' command is executed.
14:58:28 INFO  : Context for 'APU' is selected.
14:58:28 INFO  : System reset is completed.
14:58:31 INFO  : 'after 3000' command is executed.
14:58:31 INFO  : 'targets -set -filter {jtag_cable_name =~ "Digilent Zybo Z7 210351B0FC6AA" && level==0} -index 1' command is executed.
14:58:32 INFO  : FPGA configured successfully with bitstream "C:/Users/kumar/axi_adc_intr/workplace/intr_adc_app/_ide/bitstream/design_1_wrapper.bit"
14:58:33 INFO  : Context for 'APU' is selected.
14:58:33 INFO  : Hardware design information is loaded from 'C:/Users/kumar/axi_adc_intr/workplace/intr_adc/export/intr_adc/hw/design_1_wrapper.xsa'.
14:58:33 INFO  : 'configparams force-mem-access 1' command is executed.
14:58:33 INFO  : Context for 'APU' is selected.
14:58:33 INFO  : Sourcing of 'C:/Users/kumar/axi_adc_intr/workplace/intr_adc_app/_ide/psinit/ps7_init.tcl' is done.
14:58:33 INFO  : 'ps7_init' command is executed.
14:58:33 INFO  : 'ps7_post_config' command is executed.
14:58:33 INFO  : Context for processor 'ps7_cortexa9_0' is selected.
14:58:33 INFO  : The application 'C:/Users/kumar/axi_adc_intr/workplace/intr_adc_app/Debug/intr_adc_app.elf' is downloaded to processor 'ps7_cortexa9_0'.
14:58:33 INFO  : 'configparams force-mem-access 0' command is executed.
14:58:33 INFO  : ----------------XSDB Script----------------
connect -url tcp:127.0.0.1:3121
targets -set -nocase -filter {name =~"APU*"}
rst -system
after 3000
targets -set -filter {jtag_cable_name =~ "Digilent Zybo Z7 210351B0FC6AA" && level==0} -index 1
fpga -file C:/Users/kumar/axi_adc_intr/workplace/intr_adc_app/_ide/bitstream/design_1_wrapper.bit
targets -set -nocase -filter {name =~"APU*"}
loadhw -hw C:/Users/kumar/axi_adc_intr/workplace/intr_adc/export/intr_adc/hw/design_1_wrapper.xsa -mem-ranges [list {0x40000000 0xbfffffff}]
configparams force-mem-access 1
targets -set -nocase -filter {name =~"APU*"}
source C:/Users/kumar/axi_adc_intr/workplace/intr_adc_app/_ide/psinit/ps7_init.tcl
ps7_init
ps7_post_config
targets -set -nocase -filter {name =~ "*A9*#0"}
dow C:/Users/kumar/axi_adc_intr/workplace/intr_adc_app/Debug/intr_adc_app.elf
configparams force-mem-access 0
----------------End of Script----------------

14:58:33 INFO  : Memory regions updated for context APU
14:58:33 INFO  : Context for processor 'ps7_cortexa9_0' is selected.
14:58:33 INFO  : 'con' command is executed.
14:58:33 INFO  : ----------------XSDB Script (After Launch)----------------
targets -set -nocase -filter {name =~ "*A9*#0"}
con
----------------End of Script----------------

14:58:33 INFO  : Launch script is exported to file 'C:\Users\kumar\axi_adc_intr\workplace\.sdk\launch_scripts\single_application_debug\systemdebugger_intr_adc_app_system_standalone.tcl'
15:12:43 INFO  : Disconnected from the channel tcfchan#9.
