Nothing to build in platform 'intr_adc'

14:54:37 **** Incremental Build of configuration Debug for project intr_adc_app ****
make all 
make --no-print-directory pre-build
a9-linaro-pre-build-step
 
make --no-print-directory main-build
Building file: ../src/helloworld.c
Invoking: ARM v7 gcc compiler
arm-none-eabi-gcc -Wall -O0 -g3 -c -fmessage-length=0 -MT"src/helloworld.o" -mcpu=cortex-a9 -mfpu=vfpv3 -mfloat-abi=hard -IC:/Users/kumar/axi_adc_intr/workplace/intr_adc/export/intr_adc/sw/intr_adc/standalone_domain/bspinclude/include -MMD -MP -MF"src/helloworld.d" -MT"src/helloworld.o" -o "src/helloworld.o" "../src/helloworld.c"
Finished building: ../src/helloworld.c
 
Building target: intr_adc_app.elf
Invoking: ARM v7 gcc linker
arm-none-eabi-gcc -mcpu=cortex-a9 -mfpu=vfpv3 -mfloat-abi=hard -Wl,-build-id=none -specs=Xilinx.spec -Wl,-T -Wl,../src/lscript.ld -LC:/Users/kumar/axi_adc_intr/workplace/intr_adc/export/intr_adc/sw/intr_adc/standalone_domain/bsplib/lib -o "intr_adc_app.elf"  ./src/helloworld.o ./src/platform.o   -Wl,--start-group,-lxil,-lgcc,-lc,--end-group
Finished building target: intr_adc_app.elf
 
Invoking: ARM v7 Print Size
arm-none-eabi-size intr_adc_app.elf  |tee "intr_adc_app.elf.size"
   text	   data	    bss	    dec	    hex	filename
  35656	   2352	  23320	  61328	   ef90	intr_adc_app.elf
Finished building: intr_adc_app.elf.size
 
14:54:38 **** Incremental Build of configuration Debug for project intr_adc_app_system ****
make all 
Generating bif file for the system project
generate_system_bif.bat 59967 C:/Users/kumar/axi_adc_intr/workplace/intr_adc/export/intr_adc/intr_adc.xpfm standalone_domain C:/Users/kumar/axi_adc_intr/workplace/intr_adc_app_system/Debug/system.bif
sdcard_gen --xpfm C:/Users/kumar/axi_adc_intr/workplace/intr_adc/export/intr_adc/intr_adc.xpfm --sys_config intr_adc --bif C:/Users/kumar/axi_adc_intr/workplace/intr_adc_app_system/Debug/system.bif --bitstream C:/Users/kumar/axi_adc_intr/workplace/intr_adc_app/_ide/bitstream/design_1_wrapper.bit --elf C:/Users/kumar/axi_adc_intr/workplace/intr_adc_app/Debug/intr_adc_app.elf,ps7_cortexa9_0
creating BOOT.BIN using C:/Users/kumar/axi_adc_intr/workplace/intr_adc_app/_ide/bitstream/design_1_wrapper.bit
Running C:/Xilinx/Vivado_2019/Vitis/2019.2/bin/bootgen  -image C:/Users/kumar/axi_adc_intr/workplace/intr_adc_app_system/Debug/sd_card_temp/boot.bif -w -o i BOOT.BIN
