TRACE::2025-06-22.14:41:33::SCWBifWriter::Found the complete platform C:/Users/kumar/axi_adc_intr/workplace/intr_adc/export/intr_adc/intr_adc.xpfm
TRACE::2025-06-22.14:41:33::SCWBifWriter::hardware databse : design_1_wrapper_2
TRACE::2025-06-22.14:41:33::SCWBifWriter::bitstream found in the design
TRACE::2025-06-22.14:41:33::SCWBifWriter::Found a baremetal domain, proc: ps7_cortexa9_0
TRACE::2025-06-22.14:41:33::SCWBifWriter::proc type : 
TRACE::2025-06-22.14:41:33::SCWBifWriter::proc[0] : ps7_cortexa9_0
TRACE::2025-06-22.14:41:33::SCWBifWriter::Device type is : zynq
TRACE::2025-06-22.14:41:33::SCWBifWriter::Writing BIF to file : C:/Users/kumar/axi_adc_intr/workplace/intr_adc_app_system/Debug/system.bif
TRACE::2025-06-22.14:41:33::SCWBifWriter::Writing the Zynq Baremetal bif 
TRACE::2025-06-22.14:43:57::SCWBifWriter::Found the complete platform C:/Users/kumar/axi_adc_intr/workplace/intr_adc/export/intr_adc/intr_adc.xpfm
TRACE::2025-06-22.14:43:57::SCWBifWriter::hardware databse : design_1_wrapper_2
TRACE::2025-06-22.14:43:57::SCWBifWriter::bitstream found in the design
TRACE::2025-06-22.14:43:57::SCWBifWriter::Found a baremetal domain, proc: ps7_cortexa9_0
TRACE::2025-06-22.14:43:57::SCWBifWriter::proc type : 
TRACE::2025-06-22.14:43:57::SCWBifWriter::proc[0] : ps7_cortexa9_0
TRACE::2025-06-22.14:43:57::SCWBifWriter::Device type is : zynq
TRACE::2025-06-22.14:43:57::SCWBifWriter::Writing BIF to file : C:/Users/kumar/axi_adc_intr/workplace/intr_adc_app_system/Debug/system.bif
TRACE::2025-06-22.14:43:57::SCWBifWriter::Writing the Zynq Baremetal bif 
TRACE::2025-06-22.14:46:43::SCWBifWriter::Found the complete platform C:/Users/kumar/axi_adc_intr/workplace/intr_adc/export/intr_adc/intr_adc.xpfm
TRACE::2025-06-22.14:46:43::SCWBifWriter::hardware databse : design_1_wrapper_2
TRACE::2025-06-22.14:46:43::SCWBifWriter::bitstream found in the design
TRACE::2025-06-22.14:46:43::SCWBifWriter::Found a baremetal domain, proc: ps7_cortexa9_0
TRACE::2025-06-22.14:46:43::SCWBifWriter::proc type : 
TRACE::2025-06-22.14:46:43::SCWBifWriter::proc[0] : ps7_cortexa9_0
TRACE::2025-06-22.14:46:43::SCWBifWriter::Device type is : zynq
TRACE::2025-06-22.14:46:43::SCWBifWriter::Writing BIF to file : C:/Users/kumar/axi_adc_intr/workplace/intr_adc_app_system/Debug/system.bif
TRACE::2025-06-22.14:46:43::SCWBifWriter::Writing the Zynq Baremetal bif 
TRACE::2025-06-22.14:54:39::SCWBifWriter::Found the complete platform C:/Users/kumar/axi_adc_intr/workplace/intr_adc/export/intr_adc/intr_adc.xpfm
TRACE::2025-06-22.14:54:39::SCWBifWriter::hardware databse : design_1_wrapper_2
TRACE::2025-06-22.14:54:39::SCWBifWriter::bitstream found in the design
TRACE::2025-06-22.14:54:39::SCWBifWriter::Found a baremetal domain, proc: ps7_cortexa9_0
TRACE::2025-06-22.14:54:39::SCWBifWriter::proc type : 
TRACE::2025-06-22.14:54:39::SCWBifWriter::proc[0] : ps7_cortexa9_0
TRACE::2025-06-22.14:54:39::SCWBifWriter::Device type is : zynq
TRACE::2025-06-22.14:54:39::SCWBifWriter::Writing BIF to file : C:/Users/kumar/axi_adc_intr/workplace/intr_adc_app_system/Debug/system.bif
TRACE::2025-06-22.14:54:39::SCWBifWriter::Writing the Zynq Baremetal bif 
